[backblue.gif]
[fade.gif]
[index.html]
[unpkg.com/sweetalert@2.1.2/dist/sweetalert.min.js]
[boom-sport.net/assets/js/jquery-1.11.1.min.js]
[boom-sport.net/assets/bootstrap/js/bootstrap.min.js]
[boom-sport.net/assets/js/jquery.backstretch.min.js]
[boom-sport.net/assets/js/scripts.js]
[boom-sport.net/user-login.html]
[boom-sport.net/assets/bootstrap/fonts/glyphicons-halflings-regular.eot]
[boom-sport.net/assets/bootstrap/fonts/glyphicons-halflings-regular.woff2]
[boom-sport.net/assets/bootstrap/fonts/glyphicons-halflings-regular.woff]
[boom-sport.net/assets/bootstrap/fonts/glyphicons-halflings-regular.ttf]
[boom-sport.net/assets/bootstrap/fonts/glyphicons-halflings-regulard41d.eot]
[boom-sport.net/assets/bootstrap/css/bootstrap.min.css]
[boom-sport.net/assets/font-awesome/fonts/fontawesome-webfonte0a5.eot]
[boom-sport.net/assets/font-awesome/fonts/fontawesome-webfontd41d.eot]
[boom-sport.net/assets/font-awesome/fonts/fontawesome-webfonte0a5.woff2]
[boom-sport.net/assets/font-awesome/fonts/fontawesome-webfonte0a5.woff]
[boom-sport.net/assets/font-awesome/fonts/fontawesome-webfonte0a5.ttf]
[boom-sport.net/assets/font-awesome/css/font-awesome.min.css]
[boom-sport.net/assets/css/form-elements.css]
[boom-sport.net/assets/css/style.css]
[boom-sport.net/m/index.html]
[boom-sport.net/assets/bootstrap/fonts/glyphicons-halflings-regular.svg]
[boom-sport.net/assets/font-awesome/fonts/fontawesome-webfonte0a5.svg]
